// Jest Snapshot v1, https://goo.gl/fbAQLP

exports[`<HomePage /> should render and match the snapshot 1`] = `
<div>
  <nav
    class="navbar fixed-top navbar-expand-lg navbar-dark bg-dark"
  >
    <a
      class="navbar-brand"
      href="/"
    >
      {Dɪ’vɛləpɜrz}
    </a>
    <button
      aria-controls="navbarSupportedContent"
      aria-expanded="false"
      aria-label="Toggle navigation"
      class="navbar-toggler"
      data-target="#navbarSupportedContent"
      data-toggle="collapse"
      type="button"
    >
      <span
        class="navbar-toggler-icon"
      />
    </button>
    <div
      id="navbarSupportedContent"
    >
      <ul
        class="navbar-nav mr-auto"
      >
        <li
          class="nav-item active"
        >
          <a
            class="nav-link"
            href="/aboutus"
          >
            About
          </a>
        </li>
        <li
          class="nav-item active"
        >
          <a
            class="nav-link"
            href="/blog"
          >
            Blog
          </a>
        </li>
        <li
          class="nav-item active"
        >
          <a
            class="nav-link"
            href="/projects"
          >
            Projects
          </a>
        </li>
        <li
          class="nav-item active"
        >
          <a
            class="nav-link"
            href="/contactus"
          >
            Contact
          </a>
        </li>
        <li
          class="nav-item active"
        >
          <a
            class="nav-link"
            href="#"
          >
            Facebook
          </a>
        </li>
        <li
          class="nav-item active"
        >
          <a
            class="nav-link"
            href="#"
          >
            Instagram
          </a>
        </li>
      </ul>
      <ul
        class="navbar-nav navbar-right"
      >
        <li
          class="nav-item active"
        >
          <a
            class="nav-link"
            href="/developer/login"
          >
            Login
          </a>
        </li>
        <li
          class="nav-item active"
        >
          <a
            class="nav-link"
            href="/developer/register"
          >
            Register
          </a>
        </li>
      </ul>
    </div>
  </nav>
</div>
`;
